---
source: tests/output_snapshots.rs
expression: out
---
┌──────┬────────────┬────────┬──────────────────┬───────────┬───────┐
│ ID   ┆ LABEL      ┆ STATUS ┆ CHAIN/NETWORK    ┆ TYPE      ┆ MULTI │
╞══════╪════════════╪════════╪══════════════════╪═══════════╪═══════╡
│ ep-1 ┆ production ┆ active ┆ ethereum/mainnet ┆ shared    ┆ yes   │
├╌╌╌╌╌╌┼╌╌╌╌╌╌╌╌╌╌╌╌┼╌╌╌╌╌╌╌╌┼╌╌╌╌╌╌╌╌╌╌╌╌╌╌╌╌╌╌┼╌╌╌╌╌╌╌╌╌╌╌┼╌╌╌╌╌╌╌┤
│ ep-2 ┆ —          ┆ paused ┆ solana/mainnet   ┆ dedicated ┆ no    │
└──────┴────────────┴────────┴──────────────────┴───────────┴───────┘
showing 1–2 of 2
