---
source: tests/table_snapshots.rs
expression: out
---
FIELD          VALUE                 
id             ep-1                  
label          —                     
status         —                     
chain/network  solana/mainnet        
http_url       https://ep-1.example  
wss_url        —                     
tags           —                     
is_multichain  ✗
