---
source: tests/table_snapshots.rs
expression: "supported_networks_stdout(&server, \"mpp\").await"
---
Callable networks (make mpp-paid RPC calls to these):
NETWORK        
base-sepolia   
tempo-testnet  

Accepted currencies (pay for calls with one of these):
NETWORK        ASSET    ADDRESS                                     
tempo-testnet  pathUSD  0x20c0000000000000000000000000000000000000
