---
source: src/commands/endpoint/render.rs
expression: s
---
data[2]{id,name,label,status,chain,network,is_dedicated,is_flat_rate,http_url,wss_url,tags,is_multichain}:
  "ep-1","ep-1","prod-1",active,ethereum,mainnet,false,false,"https://ep-1.example",null,"prod, eu",false
  "ep-2","ep-2",null,paused,solana,mainnet,true,false,"https://ep-2.example",null,"",false
pagination:
  total: 2
  limit: 20
  offset: 0
error: null
